
1764246440.794626522 3696
1764246441.810283529 4236
1764246442.829401361 4236
1764246443.846336643 4236
1764246444.863726100 4236
1764246445.883014463 4236
1764246446.897094035 4236
1764246447.913941918 4236
1764246448.932516573 4236
1764246449.954538512 4236
1764246450.966554270 4236
1764246451.979223641 4236
1764246452.993128139 4236
1764246454.006309726 4236
1764246455.022246461 4236
1764246456.035265278 4236
1764246457.045837618 4236
1764246458.062846712 4236
1764246459.077222131 4248
1764246460.095235314 4236
1764246461.109967885 4512
1764246462.123937782 4236
1764246463.138396673 4236
1764246464.155948744 4236
1764246465.169996787 4236
1764246466.187200088 4236
1764246467.200508926 4236
1764246468.214479395 4236
1764246469.227667036 4236
1764246470.244352324 4236
1764246471.255207564 4236
1764246472.269134113 4236
1764246473.282173672 4236
1764246474.295072279 4236
1764246475.309570259 4316
1764246476.324220682 4236
1764246477.338286940 4236
1764246478.351562861 4236
1764246479.364385979 4236
1764246480.378898105 4236
1764246481.390220158 4236
1764246482.404243305 4236
1764246483.418118996 4236
1764246484.435340085 4236
1764246485.452568124 4236
1764246486.468870186 4236
1764246487.481371247 4236
1764246488.497448121 4236
1764246489.510558379 4236
1764246490.525821214 4236
1764246491.538457211 4236
1764246492.551948229 4236
1764246493.568240146 4236
1764246494.583234389 4236
1764246495.596800898 4236
1764246496.612277202 4236
1764246497.628033941 4236
1764246498.644156723 4236
1764246499.659609310 4236
