Listening on 127.0.0.1:8080
Listening on 127.0.0.1:8081
New client 5 connected (server selection pending Host: header)
Client 5 assigned to server 'localhost' on port 8080
New client 5 connected (server selection pending Host: header)
Client 5 assigned to server 'localhost' on port 8080
New client 5 connected (server selection pending Host: header)
Client 5 assigned to server 'localhost' on port 8080
[DEBUG] root='/home/hrv/Documents/DEV/servweb/webserv/clients/www1' relativePath='index.html' uri='/' filePath='/home/hrv/Documents/DEV/servweb/webserv/clients/www1/index.html'
New client 5 connected (server selection pending Host: header)
New client 6 connected (server selection pending Host: header)
Client 5 assigned to server 'localhost' on port 8080
[DEBUG] root='/home/hrv/Documents/DEV/servweb/webserv/servers' relativePath='sass/style.css' uri='/bootstrap/sass/style.css' filePath='/home/hrv/Documents/DEV/servweb/webserv/servers/sass/style.css'
responseBuilder: trying altPath='/home/hrv/Documents/DEV/servweb/webserv/servers/bootstrap/sass/style.css'
Client 6 assigned to server 'localhost' on port 8080
[DEBUG] root='/home/hrv/Documents/DEV/servweb/webserv/clients/www1' relativePath='webserv.png' uri='/webserv.png' filePath='/home/hrv/Documents/DEV/servweb/webserv/clients/www1/webserv.png'
New client 5 connected (server selection pending Host: header)
Client 5 assigned to server 'localhost' on port 8080
New client 5 connected (server selection pending Host: header)
Client 5 assigned to server 'localhost' on port 8080
[DEBUG] root='/home/hrv/Documents/DEV/servweb/webserv/servers' relativePath='sass/style.css' uri='/bootstrap/sass/style.css' filePath='/home/hrv/Documents/DEV/servweb/webserv/servers/sass/style.css'
responseBuilder: trying altPath='/home/hrv/Documents/DEV/servweb/webserv/servers/bootstrap/sass/style.css'
New client 5 connected (server selection pending Host: header)
Client 5 assigned to server 'localhost' on port 8080
[DEBUG] root='/home/hrv/Documents/DEV/servweb/webserv/clients/www1' relativePath='delete/delete.html' uri='/delete/delete.html' filePath='/home/hrv/Documents/DEV/servweb/webserv/clients/www1/delete/delete.html'
New client 5 connected (server selection pending Host: header)
Client 5 assigned to server 'localhost' on port 8080
[DEBUG] root='/home/hrv/Documents/DEV/servweb/webserv/servers' relativePath='sass/style.css' uri='/bootstrap/sass/style.css' filePath='/home/hrv/Documents/DEV/servweb/webserv/servers/sass/style.css'
responseBuilder: trying altPath='/home/hrv/Documents/DEV/servweb/webserv/servers/bootstrap/sass/style.css'
New client 5 connected (server selection pending Host: header)
Client 5 assigned to server 'localhost' on port 8080
[DEBUG] root='/home/hrv/Documents/DEV/servweb/webserv/clients/www1' relativePath='script.js' uri='/script.js' filePath='/home/hrv/Documents/DEV/servweb/webserv/clients/www1/script.js'
New client 5 connected (server selection pending Host: header)
Client 5 assigned to server 'localhost' on port 8080
New client 5 connected (server selection pending Host: header)
Client 5 assigned to server 'localhost' on port 8080
[DEBUG] root='/home/hrv/Documents/DEV/servweb/webserv/servers' relativePath='sass/style.css' uri='/bootstrap/sass/style.css' filePath='/home/hrv/Documents/DEV/servweb/webserv/servers/sass/style.css'
responseBuilder: trying altPath='/home/hrv/Documents/DEV/servweb/webserv/servers/bootstrap/sass/style.css'
